// Jest Snapshot v1, https://goo.gl/fbAQLP

exports[`Logout Controller fails to sign out when cookie is present 1`] = `
{
  "data": null,
  "message": "Could not logout, perhaps you are not logged in?",
  "ok": false,
  "status": 400,
}
`;

exports[`Logout Controller signs out when cookie is present 1`] = `
{
  "data": null,
  "message": "Successfully logged out",
  "ok": true,
  "status": 200,
}
`;
